[1 - Suricata-Main] 2026-08-11 17:06:34 Notice: suricata: This is Suricata version 7.0.17 RELEASE running in SYSTEM mode
[1 - Suricata-Main] 2026-08-11 17:06:34 Info: cpu: CPUs/cores online: 8
[1 - Suricata-Main] 2026-08-11 17:06:34 Info: suricata: Setting engine mode to IDS mode by default
[1 - Suricata-Main] 2026-08-11 17:06:34 Info: exception-policy: master exception-policy set to: auto
[1 - Suricata-Main] 2026-08-11 17:06:34 Info: conf: Running in live mode, activating unix socket
[1 - Suricata-Main] 2026-08-11 17:06:34 Info: logopenfile: fast output device (regular) initialized: fast.log
[1 - Suricata-Main] 2026-08-11 17:06:34 Info: logopenfile: eve-log output device (regular) initialized: eve.json
[1 - Suricata-Main] 2026-08-11 17:06:34 Info: logopenfile: stats output device (regular) initialized: stats.log
[1 - Suricata-Main] 2026-08-11 17:06:34 Info: detect: 1 rule files processed. 2 rules successfully loaded, 0 rules failed, 0
[1 - Suricata-Main] 2026-08-11 17:06:34 Info: threshold-config: Threshold config parsed: 0 rule(s) found
[1 - Suricata-Main] 2026-08-11 17:06:34 Info: detect: 2 signatures processed. 0 are IP-only rules, 0 are inspecting packet payload, 0 inspect application layer, 0 are decoder event only
[1 - Suricata-Main] 2026-08-11 17:06:34 Warning: detect: rule 9000002: SYN-only to port(s) 3389:3389 w/o direction specified, disabling for toclient direction
[1 - Suricata-Main] 2026-08-11 17:06:34 Warning: ioctl: eth0: failed to set SIOCETHTOOL ioctl: Operation not permitted
[1 - Suricata-Main] 2026-08-11 17:06:34 Warning: ioctl: eth0: failed to set SIOCETHTOOL ioctl: Operation not permitted
[1 - Suricata-Main] 2026-08-11 17:06:34 Warning: ioctl: eth0: failed to set SIOCETHTOOL ioctl: Operation not permitted
[1 - Suricata-Main] 2026-08-11 17:06:34 Warning: af-packet: eth0: AF_PACKET tpacket-v3 is recommended for non-inline operation
[1 - Suricata-Main] 2026-08-11 17:06:34 Info: runmodes: eth0: creating 8 threads
[1 - Suricata-Main] 2026-08-11 17:06:34 Info: unix-manager: unix socket '/var/run/suricata/suricata-command.socket'
[1 - Suricata-Main] 2026-08-11 17:06:34 Notice: threads: Threads created -> W: 8 FM: 1 FR: 1   Engine started.
[1 - Suricata-Main] 2026-08-11 17:39:00 Notice: suricata: This is Suricata version 7.0.17 RELEASE running in SYSTEM mode
[1 - Suricata-Main] 2026-08-11 17:39:00 Info: cpu: CPUs/cores online: 4
[1 - Suricata-Main] 2026-08-11 17:39:00 Info: suricata: Setting engine mode to IDS mode by default
[1 - Suricata-Main] 2026-08-11 17:39:00 Info: exception-policy: master exception-policy set to: auto
[1 - Suricata-Main] 2026-08-11 17:39:00 Info: conf: Running in live mode, activating unix socket
[1 - Suricata-Main] 2026-08-11 17:39:00 Info: logopenfile: fast output device (regular) initialized: fast.log
[1 - Suricata-Main] 2026-08-11 17:39:00 Info: logopenfile: eve-log output device (regular) initialized: eve.json
[1 - Suricata-Main] 2026-08-11 17:39:00 Info: logopenfile: stats output device (regular) initialized: stats.log
[1 - Suricata-Main] 2026-08-11 17:39:00 Info: detect: 1 rule files processed. 2 rules successfully loaded, 0 rules failed, 0
[1 - Suricata-Main] 2026-08-11 17:39:00 Info: threshold-config: Threshold config parsed: 0 rule(s) found
[1 - Suricata-Main] 2026-08-11 17:39:00 Info: detect: 2 signatures processed. 0 are IP-only rules, 0 are inspecting packet payload, 0 inspect application layer, 0 are decoder event only
[1 - Suricata-Main] 2026-08-11 17:39:00 Warning: detect: rule 9000002: SYN-only to port(s) 3389:3389 w/o direction specified, disabling for toclient direction
[1 - Suricata-Main] 2026-08-11 17:39:00 Warning: ioctl: eth0: failed to set SIOCETHTOOL ioctl: Operation not permitted
[1 - Suricata-Main] 2026-08-11 17:39:00 Warning: ioctl: eth0: failed to set SIOCETHTOOL ioctl: Operation not permitted
[1 - Suricata-Main] 2026-08-11 17:39:00 Warning: ioctl: eth0: failed to set SIOCETHTOOL ioctl: Operation not permitted
[1 - Suricata-Main] 2026-08-11 17:39:00 Warning: af-packet: eth0: AF_PACKET tpacket-v3 is recommended for non-inline operation
[1 - Suricata-Main] 2026-08-11 17:39:00 Info: runmodes: eth0: creating 4 threads
[1 - Suricata-Main] 2026-08-11 17:39:00 Info: unix-manager: unix socket '/var/run/suricata/suricata-command.socket'
[1 - Suricata-Main] 2026-08-11 17:39:00 Notice: threads: Threads created -> W: 4 FM: 1 FR: 1   Engine started.
[1 - Suricata-Main] 2026-08-11 17:50:53 Notice: suricata: Signal Received.  Stopping engine.
[1 - Suricata-Main] 2026-08-11 17:50:53 Info: suricata: time elapsed 713.063s
[1 - Suricata-Main] 2026-08-11 17:50:53 Info: counters: Alerts: 0
[1 - Suricata-Main] 2026-08-11 17:50:54 Notice: device: eth0: packets: 10, drops: 0 (0.00%), invalid chksum: 0
[1 - Suricata-Main] 2026-08-11 17:50:54 Warning: ioctl: eth0: failed to set SIOCETHTOOL ioctl: Operation not permitted
[1 - Suricata-Main] 2026-08-11 17:50:54 Warning: ioctl: eth0: failed to set SIOCETHTOOL ioctl: Operation not permitted
[1 - Suricata-Main] 2026-08-11 17:50:54 Warning: ioctl: eth0: failed to set SIOCETHTOOL ioctl: Operation not permitted
[38 - Suricata-Main] 2026-08-11 17:51:54 Notice: suricata: This is Suricata version 7.0.17 RELEASE running in SYSTEM mode
[38 - Suricata-Main] 2026-08-11 17:51:54 Info: cpu: CPUs/cores online: 4
[38 - Suricata-Main] 2026-08-11 17:51:54 Info: suricata: Setting engine mode to IDS mode by default
[38 - Suricata-Main] 2026-08-11 17:51:54 Info: exception-policy: master exception-policy set to: auto
[38 - Suricata-Main] 2026-08-11 17:51:55 Info: conf: Running in live mode, activating unix socket
[38 - Suricata-Main] 2026-08-11 17:51:55 Info: logopenfile: fast output device (regular) initialized: fast.log
[38 - Suricata-Main] 2026-08-11 17:51:55 Info: logopenfile: eve-log output device (regular) initialized: eve.json
[38 - Suricata-Main] 2026-08-11 17:51:55 Info: logopenfile: stats output device (regular) initialized: stats.log
[38 - Suricata-Main] 2026-08-11 17:51:55 Info: detect: 1 rule files processed. 2 rules successfully loaded, 0 rules failed, 0
[38 - Suricata-Main] 2026-08-11 17:51:55 Info: threshold-config: Threshold config parsed: 0 rule(s) found
[38 - Suricata-Main] 2026-08-11 17:51:55 Info: detect: 2 signatures processed. 0 are IP-only rules, 0 are inspecting packet payload, 0 inspect application layer, 0 are decoder event only
[38 - Suricata-Main] 2026-08-11 17:51:55 Warning: detect: rule 9000002: SYN-only to port(s) 3389:3389 w/o direction specified, disabling for toclient direction
[38 - Suricata-Main] 2026-08-11 17:51:55 Warning: ioctl: eth0: failed to set SIOCETHTOOL ioctl: Operation not permitted
[38 - Suricata-Main] 2026-08-11 17:51:55 Warning: ioctl: eth0: failed to set SIOCETHTOOL ioctl: Operation not permitted
[38 - Suricata-Main] 2026-08-11 17:51:55 Warning: ioctl: eth0: failed to set SIOCETHTOOL ioctl: Operation not permitted
[38 - Suricata-Main] 2026-08-11 17:51:55 Warning: af-packet: eth0: AF_PACKET tpacket-v3 is recommended for non-inline operation
[38 - Suricata-Main] 2026-08-11 17:51:55 Info: runmodes: eth0: creating 4 threads
[38 - Suricata-Main] 2026-08-11 17:51:55 Info: unix-manager: unix socket '/var/run/suricata/suricata-command.socket'
[38 - Suricata-Main] 2026-08-11 17:51:55 Notice: threads: Threads created -> W: 4 FM: 1 FR: 1   Engine started.
[1 - Suricata-Main] 2026-08-11 17:53:22 Notice: suricata: This is Suricata version 7.0.17 RELEASE running in SYSTEM mode
[1 - Suricata-Main] 2026-08-11 17:53:22 Info: cpu: CPUs/cores online: 4
[1 - Suricata-Main] 2026-08-11 17:53:22 Info: suricata: Setting engine mode to IDS mode by default
[1 - Suricata-Main] 2026-08-11 17:53:22 Info: exception-policy: master exception-policy set to: auto
[1 - Suricata-Main] 2026-08-11 17:53:22 Info: conf: Running in live mode, activating unix socket
[1 - Suricata-Main] 2026-08-11 17:53:22 Info: logopenfile: fast output device (regular) initialized: fast.log
[1 - Suricata-Main] 2026-08-11 17:53:22 Info: logopenfile: eve-log output device (regular) initialized: eve.json
[1 - Suricata-Main] 2026-08-11 17:53:22 Info: logopenfile: stats output device (regular) initialized: stats.log
[1 - Suricata-Main] 2026-08-11 17:53:22 Info: detect: 1 rule files processed. 2 rules successfully loaded, 0 rules failed, 0
[1 - Suricata-Main] 2026-08-11 17:53:22 Info: threshold-config: Threshold config parsed: 0 rule(s) found
[1 - Suricata-Main] 2026-08-11 17:53:22 Info: detect: 2 signatures processed. 0 are IP-only rules, 0 are inspecting packet payload, 0 inspect application layer, 0 are decoder event only
[1 - Suricata-Main] 2026-08-11 17:53:22 Warning: detect: rule 9000002: SYN-only to port(s) 3389:3389 w/o direction specified, disabling for toclient direction
[1 - Suricata-Main] 2026-08-11 17:53:22 Warning: ioctl: eth0: failed to set SIOCETHTOOL ioctl: Operation not permitted
[1 - Suricata-Main] 2026-08-11 17:53:22 Warning: ioctl: eth0: failed to set SIOCETHTOOL ioctl: Operation not permitted
[1 - Suricata-Main] 2026-08-11 17:53:22 Warning: ioctl: eth0: failed to set SIOCETHTOOL ioctl: Operation not permitted
[1 - Suricata-Main] 2026-08-11 17:53:22 Warning: af-packet: eth0: AF_PACKET tpacket-v3 is recommended for non-inline operation
[1 - Suricata-Main] 2026-08-11 17:53:22 Info: runmodes: eth0: creating 4 threads
[1 - Suricata-Main] 2026-08-11 17:53:22 Info: unix-manager: unix socket '/var/run/suricata/suricata-command.socket'
[1 - Suricata-Main] 2026-08-11 17:53:22 Notice: threads: Threads created -> W: 4 FM: 1 FR: 1   Engine started.
[1 - Suricata-Main] 2026-08-11 17:54:03 Notice: detect: rule reload starting
[1 - Suricata-Main] 2026-08-11 17:54:03 Info: detect: 1 rule files processed. 2 rules successfully loaded, 0 rules failed, 0
[1 - Suricata-Main] 2026-08-11 17:54:03 Info: threshold-config: Threshold config parsed: 0 rule(s) found
[1 - Suricata-Main] 2026-08-11 17:54:03 Info: detect: 2 signatures processed. 0 are IP-only rules, 0 are inspecting packet payload, 0 inspect application layer, 0 are decoder event only
[1 - Suricata-Main] 2026-08-11 17:54:03 Warning: detect: rule 9000002: SYN-only to port(s) 3389:3389 w/o direction specified, disabling for toclient direction
[1 - Suricata-Main] 2026-08-11 17:54:03 Notice: detect: rule reload complete
[1 - Suricata-Main] 2026-08-11 17:57:52 Notice: suricata: Signal Received.  Stopping engine.
[1 - Suricata-Main] 2026-08-11 17:57:53 Info: suricata: time elapsed 270.864s
[1 - Suricata-Main] 2026-08-11 17:57:54 Info: counters: Alerts: 9
[1 - Suricata-Main] 2026-08-11 17:57:54 Notice: device: eth0: packets: 408, drops: 0 (0.00%), invalid chksum: 0
[1 - Suricata-Main] 2026-08-11 17:57:54 Warning: ioctl: eth0: failed to set SIOCETHTOOL ioctl: Operation not permitted
[1 - Suricata-Main] 2026-08-11 17:57:54 Warning: ioctl: eth0: failed to set SIOCETHTOOL ioctl: Operation not permitted
[1 - Suricata-Main] 2026-08-11 17:57:54 Warning: ioctl: eth0: failed to set SIOCETHTOOL ioctl: Operation not permitted
[1 - Suricata-Main] 2026-08-11 17:57:54 Notice: suricata: This is Suricata version 7.0.17 RELEASE running in SYSTEM mode
[1 - Suricata-Main] 2026-08-11 17:57:54 Info: cpu: CPUs/cores online: 4
[1 - Suricata-Main] 2026-08-11 17:57:54 Info: suricata: Setting engine mode to IDS mode by default
[1 - Suricata-Main] 2026-08-11 17:57:54 Info: exception-policy: master exception-policy set to: auto
[1 - Suricata-Main] 2026-08-11 17:57:54 Info: conf: Running in live mode, activating unix socket
[1 - Suricata-Main] 2026-08-11 17:57:54 Info: logopenfile: fast output device (regular) initialized: fast.log
[1 - Suricata-Main] 2026-08-11 17:57:54 Info: logopenfile: eve-log output device (regular) initialized: eve.json
[1 - Suricata-Main] 2026-08-11 17:57:54 Info: logopenfile: stats output device (regular) initialized: stats.log
[1 - Suricata-Main] 2026-08-11 17:57:54 Info: detect: 1 rule files processed. 2 rules successfully loaded, 0 rules failed, 0
[1 - Suricata-Main] 2026-08-11 17:57:54 Info: threshold-config: Threshold config parsed: 0 rule(s) found
[1 - Suricata-Main] 2026-08-11 17:57:54 Info: detect: 2 signatures processed. 0 are IP-only rules, 0 are inspecting packet payload, 0 inspect application layer, 0 are decoder event only
[1 - Suricata-Main] 2026-08-11 17:57:54 Warning: detect: rule 9000002: SYN-only to port(s) 3389:3389 w/o direction specified, disabling for toclient direction
[1 - Suricata-Main] 2026-08-11 17:57:54 Warning: ioctl: eth0: failed to set SIOCETHTOOL ioctl: Operation not permitted
[1 - Suricata-Main] 2026-08-11 17:57:54 Warning: ioctl: eth0: failed to set SIOCETHTOOL ioctl: Operation not permitted
[1 - Suricata-Main] 2026-08-11 17:57:54 Warning: ioctl: eth0: failed to set SIOCETHTOOL ioctl: Operation not permitted
[1 - Suricata-Main] 2026-08-11 17:57:54 Warning: af-packet: eth0: AF_PACKET tpacket-v3 is recommended for non-inline operation
[1 - Suricata-Main] 2026-08-11 17:57:54 Info: runmodes: eth0: creating 4 threads
[1 - Suricata-Main] 2026-08-11 17:57:54 Info: unix-manager: unix socket '/var/run/suricata/suricata-command.socket'
[1 - Suricata-Main] 2026-08-11 17:57:54 Notice: threads: Threads created -> W: 4 FM: 1 FR: 1   Engine started.
[1 - Suricata-Main] 2026-08-11 17:58:34 Notice: suricata: Signal Received.  Stopping engine.
[1 - Suricata-Main] 2026-08-11 17:58:34 Info: suricata: time elapsed 39.920s
[1 - Suricata-Main] 2026-08-11 17:58:34 Info: counters: Alerts: 0
[1 - Suricata-Main] 2026-08-11 17:58:34 Notice: device: eth0: packets: 0, drops: 0 (0.00%), invalid chksum: 0
[1 - Suricata-Main] 2026-08-11 17:58:34 Warning: ioctl: eth0: failed to set SIOCETHTOOL ioctl: Operation not permitted
[1 - Suricata-Main] 2026-08-11 17:58:34 Warning: ioctl: eth0: failed to set SIOCETHTOOL ioctl: Operation not permitted
[1 - Suricata-Main] 2026-08-11 17:58:34 Warning: ioctl: eth0: failed to set SIOCETHTOOL ioctl: Operation not permitted
[1 - Suricata-Main] 2026-08-11 17:58:35 Notice: suricata: This is Suricata version 7.0.17 RELEASE running in SYSTEM mode
[1 - Suricata-Main] 2026-08-11 17:58:35 Info: cpu: CPUs/cores online: 4
[1 - Suricata-Main] 2026-08-11 17:58:35 Info: suricata: Setting engine mode to IDS mode by default
[1 - Suricata-Main] 2026-08-11 17:58:35 Info: exception-policy: master exception-policy set to: auto
[1 - Suricata-Main] 2026-08-11 17:58:35 Info: conf: Running in live mode, activating unix socket
[1 - Suricata-Main] 2026-08-11 17:58:35 Info: logopenfile: fast output device (regular) initialized: fast.log
[1 - Suricata-Main] 2026-08-11 17:58:35 Info: logopenfile: eve-log output device (regular) initialized: eve.json
[1 - Suricata-Main] 2026-08-11 17:58:35 Info: logopenfile: stats output device (regular) initialized: stats.log
[1 - Suricata-Main] 2026-08-11 17:58:35 Info: detect: 1 rule files processed. 2 rules successfully loaded, 0 rules failed, 0
[1 - Suricata-Main] 2026-08-11 17:58:35 Info: threshold-config: Threshold config parsed: 0 rule(s) found
[1 - Suricata-Main] 2026-08-11 17:58:35 Info: detect: 2 signatures processed. 0 are IP-only rules, 0 are inspecting packet payload, 0 inspect application layer, 0 are decoder event only
[1 - Suricata-Main] 2026-08-11 17:58:35 Warning: detect: rule 9000002: SYN-only to port(s) 3389:3389 w/o direction specified, disabling for toclient direction
[1 - Suricata-Main] 2026-08-11 17:58:35 Warning: ioctl: eth0: failed to set SIOCETHTOOL ioctl: Operation not permitted
[1 - Suricata-Main] 2026-08-11 17:58:35 Warning: ioctl: eth0: failed to set SIOCETHTOOL ioctl: Operation not permitted
[1 - Suricata-Main] 2026-08-11 17:58:35 Warning: ioctl: eth0: failed to set SIOCETHTOOL ioctl: Operation not permitted
[1 - Suricata-Main] 2026-08-11 17:58:35 Warning: af-packet: eth0: AF_PACKET tpacket-v3 is recommended for non-inline operation
[1 - Suricata-Main] 2026-08-11 17:58:35 Info: runmodes: eth0: creating 4 threads
[1 - Suricata-Main] 2026-08-11 17:58:35 Info: unix-manager: unix socket '/var/run/suricata/suricata-command.socket'
[1 - Suricata-Main] 2026-08-11 17:58:36 Notice: threads: Threads created -> W: 4 FM: 1 FR: 1   Engine started.
[1 - Suricata-Main] 2026-08-11 17:59:15 Notice: suricata: Signal Received.  Stopping engine.
[1 - Suricata-Main] 2026-08-11 17:59:15 Info: suricata: time elapsed 39.987s
[1 - Suricata-Main] 2026-08-11 17:59:16 Info: counters: Alerts: 9
[1 - Suricata-Main] 2026-08-11 17:59:16 Notice: device: eth0: packets: 401, drops: 0 (0.00%), invalid chksum: 0
[1 - Suricata-Main] 2026-08-11 17:59:16 Warning: ioctl: eth0: failed to set SIOCETHTOOL ioctl: Operation not permitted
[1 - Suricata-Main] 2026-08-11 17:59:16 Warning: ioctl: eth0: failed to set SIOCETHTOOL ioctl: Operation not permitted
[1 - Suricata-Main] 2026-08-11 17:59:16 Warning: ioctl: eth0: failed to set SIOCETHTOOL ioctl: Operation not permitted
[1 - Suricata-Main] 2026-08-11 17:59:17 Notice: suricata: This is Suricata version 7.0.17 RELEASE running in SYSTEM mode
[1 - Suricata-Main] 2026-08-11 17:59:17 Info: cpu: CPUs/cores online: 4
[1 - Suricata-Main] 2026-08-11 17:59:17 Info: suricata: Setting engine mode to IDS mode by default
[1 - Suricata-Main] 2026-08-11 17:59:17 Info: exception-policy: master exception-policy set to: auto
[1 - Suricata-Main] 2026-08-11 17:59:17 Info: conf: Running in live mode, activating unix socket
[1 - Suricata-Main] 2026-08-11 17:59:17 Info: logopenfile: fast output device (regular) initialized: fast.log
[1 - Suricata-Main] 2026-08-11 17:59:17 Info: logopenfile: eve-log output device (regular) initialized: eve.json
[1 - Suricata-Main] 2026-08-11 17:59:17 Info: logopenfile: stats output device (regular) initialized: stats.log
[1 - Suricata-Main] 2026-08-11 17:59:17 Info: detect: 1 rule files processed. 2 rules successfully loaded, 0 rules failed, 0
[1 - Suricata-Main] 2026-08-11 17:59:17 Info: threshold-config: Threshold config parsed: 0 rule(s) found
[1 - Suricata-Main] 2026-08-11 17:59:17 Info: detect: 2 signatures processed. 0 are IP-only rules, 0 are inspecting packet payload, 0 inspect application layer, 0 are decoder event only
[1 - Suricata-Main] 2026-08-11 17:59:17 Warning: detect: rule 9000002: SYN-only to port(s) 3389:3389 w/o direction specified, disabling for toclient direction
[1 - Suricata-Main] 2026-08-11 17:59:17 Warning: ioctl: eth0: failed to set SIOCETHTOOL ioctl: Operation not permitted
[1 - Suricata-Main] 2026-08-11 17:59:17 Warning: ioctl: eth0: failed to set SIOCETHTOOL ioctl: Operation not permitted
[1 - Suricata-Main] 2026-08-11 17:59:17 Warning: ioctl: eth0: failed to set SIOCETHTOOL ioctl: Operation not permitted
[1 - Suricata-Main] 2026-08-11 17:59:17 Warning: af-packet: eth0: AF_PACKET tpacket-v3 is recommended for non-inline operation
[1 - Suricata-Main] 2026-08-11 17:59:17 Info: runmodes: eth0: creating 4 threads
[1 - Suricata-Main] 2026-08-11 17:59:17 Info: unix-manager: unix socket '/var/run/suricata/suricata-command.socket'
[1 - Suricata-Main] 2026-08-11 17:59:17 Notice: threads: Threads created -> W: 4 FM: 1 FR: 1   Engine started.
[1 - Suricata-Main] 2026-08-11 18:11:01 Notice: suricata: This is Suricata version 7.0.17 RELEASE running in SYSTEM mode
[1 - Suricata-Main] 2026-08-11 18:11:01 Info: cpu: CPUs/cores online: 4
[1 - Suricata-Main] 2026-08-11 18:11:01 Info: suricata: Setting engine mode to IDS mode by default
[1 - Suricata-Main] 2026-08-11 18:11:01 Info: exception-policy: master exception-policy set to: auto
[1 - Suricata-Main] 2026-08-11 18:11:01 Info: conf: Running in live mode, activating unix socket
[1 - Suricata-Main] 2026-08-11 18:11:01 Info: logopenfile: fast output device (regular) initialized: fast.log
[1 - Suricata-Main] 2026-08-11 18:11:01 Info: logopenfile: eve-log output device (regular) initialized: eve.json
[1 - Suricata-Main] 2026-08-11 18:11:01 Info: logopenfile: stats output device (regular) initialized: stats.log
[1 - Suricata-Main] 2026-08-11 18:11:01 Info: detect: 1 rule files processed. 2 rules successfully loaded, 0 rules failed, 0
[1 - Suricata-Main] 2026-08-11 18:11:01 Info: threshold-config: Threshold config parsed: 0 rule(s) found
[1 - Suricata-Main] 2026-08-11 18:11:01 Info: detect: 2 signatures processed. 0 are IP-only rules, 0 are inspecting packet payload, 0 inspect application layer, 0 are decoder event only
[1 - Suricata-Main] 2026-08-11 18:11:01 Warning: detect: rule 9000002: SYN-only to port(s) 3389:3389 w/o direction specified, disabling for toclient direction
[1 - Suricata-Main] 2026-08-11 18:11:01 Warning: ioctl: eth0: failed to set SIOCETHTOOL ioctl: Operation not permitted
[1 - Suricata-Main] 2026-08-11 18:11:01 Warning: ioctl: eth0: failed to set SIOCETHTOOL ioctl: Operation not permitted
[1 - Suricata-Main] 2026-08-11 18:11:01 Warning: ioctl: eth0: failed to set SIOCETHTOOL ioctl: Operation not permitted
[1 - Suricata-Main] 2026-08-11 18:11:01 Warning: af-packet: eth0: AF_PACKET tpacket-v3 is recommended for non-inline operation
[1 - Suricata-Main] 2026-08-11 18:11:01 Info: runmodes: eth0: creating 4 threads
[1 - Suricata-Main] 2026-08-11 18:11:02 Info: unix-manager: unix socket '/var/run/suricata/suricata-command.socket'
[1 - Suricata-Main] 2026-08-11 18:11:02 Notice: threads: Threads created -> W: 4 FM: 1 FR: 1   Engine started.
[1 - Suricata-Main] 2026-08-11 20:21:35 Notice: suricata: This is Suricata version 7.0.17 RELEASE running in SYSTEM mode
[1 - Suricata-Main] 2026-08-11 20:21:35 Info: cpu: CPUs/cores online: 4
[1 - Suricata-Main] 2026-08-11 20:21:35 Info: suricata: Setting engine mode to IDS mode by default
[1 - Suricata-Main] 2026-08-11 20:21:35 Info: exception-policy: master exception-policy set to: auto
[1 - Suricata-Main] 2026-08-11 20:21:35 Info: conf: Running in live mode, activating unix socket
[1 - Suricata-Main] 2026-08-11 20:21:35 Info: logopenfile: fast output device (regular) initialized: fast.log
[1 - Suricata-Main] 2026-08-11 20:21:35 Info: logopenfile: eve-log output device (regular) initialized: eve.json
[1 - Suricata-Main] 2026-08-11 20:21:35 Info: logopenfile: stats output device (regular) initialized: stats.log
[1 - Suricata-Main] 2026-08-11 20:21:35 Info: detect: 1 rule files processed. 2 rules successfully loaded, 0 rules failed, 0
[1 - Suricata-Main] 2026-08-11 20:21:35 Info: threshold-config: Threshold config parsed: 0 rule(s) found
[1 - Suricata-Main] 2026-08-11 20:21:35 Info: detect: 2 signatures processed. 0 are IP-only rules, 0 are inspecting packet payload, 0 inspect application layer, 0 are decoder event only
[1 - Suricata-Main] 2026-08-11 20:21:35 Warning: detect: rule 9000002: SYN-only to port(s) 3389:3389 w/o direction specified, disabling for toclient direction
[1 - Suricata-Main] 2026-08-11 20:21:35 Warning: ioctl: eth0: failed to set SIOCETHTOOL ioctl: Operation not permitted
[1 - Suricata-Main] 2026-08-11 20:21:35 Warning: ioctl: eth0: failed to set SIOCETHTOOL ioctl: Operation not permitted
[1 - Suricata-Main] 2026-08-11 20:21:35 Warning: ioctl: eth0: failed to set SIOCETHTOOL ioctl: Operation not permitted
[1 - Suricata-Main] 2026-08-11 20:21:35 Warning: af-packet: eth0: AF_PACKET tpacket-v3 is recommended for non-inline operation
[1 - Suricata-Main] 2026-08-11 20:21:35 Info: runmodes: eth0: creating 4 threads
[1 - Suricata-Main] 2026-08-11 20:21:35 Info: unix-manager: unix socket '/var/run/suricata/suricata-command.socket'
[1 - Suricata-Main] 2026-08-11 20:21:35 Notice: threads: Threads created -> W: 4 FM: 1 FR: 1   Engine started.
[1 - Suricata-Main] 2026-08-12 19:16:40 Notice: suricata: This is Suricata version 7.0.17 RELEASE running in SYSTEM mode
[1 - Suricata-Main] 2026-08-12 19:16:40 Info: cpu: CPUs/cores online: 4
[1 - Suricata-Main] 2026-08-12 19:16:40 Info: suricata: Setting engine mode to IDS mode by default
[1 - Suricata-Main] 2026-08-12 19:16:40 Info: exception-policy: master exception-policy set to: auto
[1 - Suricata-Main] 2026-08-12 19:16:40 Info: conf: Running in live mode, activating unix socket
[1 - Suricata-Main] 2026-08-12 19:16:40 Info: logopenfile: fast output device (regular) initialized: fast.log
[1 - Suricata-Main] 2026-08-12 19:16:40 Info: logopenfile: eve-log output device (regular) initialized: eve.json
[1 - Suricata-Main] 2026-08-12 19:16:40 Info: logopenfile: stats output device (regular) initialized: stats.log
[1 - Suricata-Main] 2026-08-12 19:16:41 Info: detect: 1 rule files processed. 2 rules successfully loaded, 0 rules failed, 0
[1 - Suricata-Main] 2026-08-12 19:16:41 Info: threshold-config: Threshold config parsed: 0 rule(s) found
[1 - Suricata-Main] 2026-08-12 19:16:41 Info: detect: 2 signatures processed. 0 are IP-only rules, 0 are inspecting packet payload, 0 inspect application layer, 0 are decoder event only
[1 - Suricata-Main] 2026-08-12 19:16:41 Warning: detect: rule 9000002: SYN-only to port(s) 3389:3389 w/o direction specified, disabling for toclient direction
[1 - Suricata-Main] 2026-08-12 19:16:41 Warning: ioctl: eth0: failed to set SIOCETHTOOL ioctl: Operation not permitted
[1 - Suricata-Main] 2026-08-12 19:16:41 Warning: ioctl: eth0: failed to set SIOCETHTOOL ioctl: Operation not permitted
[1 - Suricata-Main] 2026-08-12 19:16:41 Warning: ioctl: eth0: failed to set SIOCETHTOOL ioctl: Operation not permitted
[1 - Suricata-Main] 2026-08-12 19:16:41 Warning: af-packet: eth0: AF_PACKET tpacket-v3 is recommended for non-inline operation
[1 - Suricata-Main] 2026-08-12 19:16:41 Info: runmodes: eth0: creating 4 threads
[1 - Suricata-Main] 2026-08-12 19:16:41 Info: unix-manager: unix socket '/var/run/suricata/suricata-command.socket'
[1 - Suricata-Main] 2026-08-12 19:16:41 Notice: threads: Threads created -> W: 4 FM: 1 FR: 1   Engine started.
[1 - Suricata-Main] 2026-08-12 19:40:44 Notice: suricata: Signal Received.  Stopping engine.
[1 - Suricata-Main] 2026-08-12 19:40:44 Info: suricata: time elapsed 1443.398s
[1 - Suricata-Main] 2026-08-12 19:40:45 Info: counters: Alerts: 37
[1 - Suricata-Main] 2026-08-12 19:40:45 Notice: device: eth0: packets: 1742, drops: 0 (0.00%), invalid chksum: 0
[1 - Suricata-Main] 2026-08-12 19:40:45 Warning: ioctl: eth0: failed to set SIOCETHTOOL ioctl: Operation not permitted
[1 - Suricata-Main] 2026-08-12 19:40:45 Warning: ioctl: eth0: failed to set SIOCETHTOOL ioctl: Operation not permitted
[1 - Suricata-Main] 2026-08-12 19:40:45 Warning: ioctl: eth0: failed to set SIOCETHTOOL ioctl: Operation not permitted
[1 - Suricata-Main] 2026-08-12 19:40:45 Notice: suricata: This is Suricata version 7.0.17 RELEASE running in SYSTEM mode
[1 - Suricata-Main] 2026-08-12 19:40:45 Info: cpu: CPUs/cores online: 4
[1 - Suricata-Main] 2026-08-12 19:40:45 Info: suricata: Setting engine mode to IDS mode by default
[1 - Suricata-Main] 2026-08-12 19:40:45 Info: exception-policy: master exception-policy set to: auto
[1 - Suricata-Main] 2026-08-12 19:40:46 Info: conf: Running in live mode, activating unix socket
[1 - Suricata-Main] 2026-08-12 19:40:46 Info: logopenfile: fast output device (regular) initialized: fast.log
[1 - Suricata-Main] 2026-08-12 19:40:46 Info: logopenfile: eve-log output device (regular) initialized: eve.json
[1 - Suricata-Main] 2026-08-12 19:40:46 Info: logopenfile: stats output device (regular) initialized: stats.log
[1 - Suricata-Main] 2026-08-12 19:40:46 Info: detect: 1 rule files processed. 2 rules successfully loaded, 0 rules failed, 0
[1 - Suricata-Main] 2026-08-12 19:40:46 Info: threshold-config: Threshold config parsed: 0 rule(s) found
[1 - Suricata-Main] 2026-08-12 19:40:46 Info: detect: 2 signatures processed. 0 are IP-only rules, 0 are inspecting packet payload, 0 inspect application layer, 0 are decoder event only
[1 - Suricata-Main] 2026-08-12 19:40:46 Warning: detect: rule 9000002: SYN-only to port(s) 3389:3389 w/o direction specified, disabling for toclient direction
[1 - Suricata-Main] 2026-08-12 19:40:46 Warning: ioctl: eth0: failed to set SIOCETHTOOL ioctl: Operation not permitted
[1 - Suricata-Main] 2026-08-12 19:40:46 Warning: ioctl: eth0: failed to set SIOCETHTOOL ioctl: Operation not permitted
[1 - Suricata-Main] 2026-08-12 19:40:46 Warning: ioctl: eth0: failed to set SIOCETHTOOL ioctl: Operation not permitted
[1 - Suricata-Main] 2026-08-12 19:40:46 Warning: af-packet: eth0: AF_PACKET tpacket-v3 is recommended for non-inline operation
[1 - Suricata-Main] 2026-08-12 19:40:46 Info: runmodes: eth0: creating 4 threads
[1 - Suricata-Main] 2026-08-12 19:40:46 Info: unix-manager: unix socket '/var/run/suricata/suricata-command.socket'
[1 - Suricata-Main] 2026-08-12 19:40:46 Notice: threads: Threads created -> W: 4 FM: 1 FR: 1   Engine started.
[1 - Suricata-Main] 2026-08-13 18:35:39 Notice: suricata: This is Suricata version 7.0.17 RELEASE running in SYSTEM mode
[1 - Suricata-Main] 2026-08-13 18:35:39 Info: cpu: CPUs/cores online: 4
[1 - Suricata-Main] 2026-08-13 18:35:39 Info: suricata: Setting engine mode to IDS mode by default
[1 - Suricata-Main] 2026-08-13 18:35:39 Info: exception-policy: master exception-policy set to: auto
[1 - Suricata-Main] 2026-08-13 18:35:39 Info: conf: Running in live mode, activating unix socket
[1 - Suricata-Main] 2026-08-13 18:35:39 Info: logopenfile: fast output device (regular) initialized: fast.log
[1 - Suricata-Main] 2026-08-13 18:35:39 Info: logopenfile: eve-log output device (regular) initialized: eve.json
[1 - Suricata-Main] 2026-08-13 18:35:39 Info: logopenfile: stats output device (regular) initialized: stats.log
[1 - Suricata-Main] 2026-08-13 18:35:39 Info: detect: 1 rule files processed. 2 rules successfully loaded, 0 rules failed, 0
[1 - Suricata-Main] 2026-08-13 18:35:39 Info: threshold-config: Threshold config parsed: 0 rule(s) found
[1 - Suricata-Main] 2026-08-13 18:35:39 Info: detect: 2 signatures processed. 0 are IP-only rules, 0 are inspecting packet payload, 0 inspect application layer, 0 are decoder event only
[1 - Suricata-Main] 2026-08-13 18:35:39 Warning: detect: rule 9000002: SYN-only to port(s) 3389:3389 w/o direction specified, disabling for toclient direction
[1 - Suricata-Main] 2026-08-13 18:35:39 Warning: ioctl: eth0: failed to set SIOCETHTOOL ioctl: Operation not permitted
[1 - Suricata-Main] 2026-08-13 18:35:39 Warning: ioctl: eth0: failed to set SIOCETHTOOL ioctl: Operation not permitted
[1 - Suricata-Main] 2026-08-13 18:35:39 Warning: ioctl: eth0: failed to set SIOCETHTOOL ioctl: Operation not permitted
[1 - Suricata-Main] 2026-08-13 18:35:39 Warning: af-packet: eth0: AF_PACKET tpacket-v3 is recommended for non-inline operation
[1 - Suricata-Main] 2026-08-13 18:35:39 Info: runmodes: eth0: creating 4 threads
[1 - Suricata-Main] 2026-08-13 18:35:39 Info: unix-manager: unix socket '/var/run/suricata/suricata-command.socket'
[1 - Suricata-Main] 2026-08-13 18:35:40 Notice: threads: Threads created -> W: 4 FM: 1 FR: 1   Engine started.
